Godot Engine v4.6.2.stable.official.71f334935 - https://godotengine.org

[ProvingHarness][Boxing] Initializing... | src=boxing_guard->punch_right_repeat_04_take_01.mp4
[ProvingHarness][Boxing] CameraTracking contract proving mode active | src=boxing_guard->punch_right_repeat_04_take_01.mp4
WARNING: All log messages before absl::InitializeLog() is called are written to STDERR
I0000 00:00:1781393248.056444 2100451 gl_context_egl.cc:85] Successfully initialized EGL. Major : 1 Minor: 5
I0000 00:00:1781393248.062137 2100479 gl_context.cc:385] GL version: 3.2 (OpenGL ES 3.2 Mesa 25.2.8-0ubuntu0.24.04.1), renderer: AMD Ryzen Z1 Extreme (radeonsi, phoenix, LLVM 20.1.2, DRM 3.64, 6.17.0-35-generic)
INFO: Created TensorFlow Lite XNNPACK delegate for CPU.
W0000 00:00:1781393248.109570 2100457 inference_feedback_manager.cc:114] Feedback manager requires a model with a single signature inference. Disabling support for feedback tensors.
W0000 00:00:1781393248.130156 2100461 inference_feedback_manager.cc:114] Feedback manager requires a model with a single signature inference. Disabling support for feedback tensors.
W0000 00:00:1781393248.228065 2100465 landmark_projection_calculator.cc:78] Using NORM_RECT without IMAGE_DIMENSIONS is only supported for the square ROI. Provide IMAGE_DIMENSIONS or use PROJECTION_MATRIX.
[ProvingHarness][Boxing] Tracking restored | src=boxing_guard->punch_right_repeat_04_take_01.mp4
[ProvingHarness][Boxing] Boxing harness live | src=boxing_guard->punch_right_repeat_04_take_01.mp4
ERROR: Parameter "t" is null.
   at: texture_2d_get (./servers/rendering/dummy/storage/texture_storage.h:106)
   GDScript backtrace (most recent call first):
       [0] _capture_outputs (res://scripts/capture_fixture_proving.gd:81)
       [1] _run_capture_sequence (res://scripts/capture_fixture_proving.gd:71)
WARNING: failed to capture screenshot image for /home/derrick/.openclaw/workspace/projects/aerobeat/aerobeat-input-camera-tracking/docs/baselines/prototype-library-derivation-boxing-side-aware-fixture-derived-v1/captures/straight_right_fixture/proving.png
     at: push_warning (core/variant/variant_utility.cpp:1034)
     GDScript backtrace (most recent call first):
         [0] _capture_outputs (res://scripts/capture_fixture_proving.gd:87)
         [1] _run_capture_sequence (res://scripts/capture_fixture_proving.gd:71)
[FixtureCapture] screenshot=/home/derrick/.openclaw/workspace/projects/aerobeat/aerobeat-input-camera-tracking/docs/baselines/prototype-library-derivation-boxing-side-aware-fixture-derived-v1/captures/straight_right_fixture/proving.png report_json=/home/derrick/.openclaw/workspace/projects/aerobeat/aerobeat-input-camera-tracking/docs/baselines/prototype-library-derivation-boxing-side-aware-fixture-derived-v1/captures/straight_right_fixture/report.json report_md=/home/derrick/.openclaw/workspace/projects/aerobeat/aerobeat-input-camera-tracking/docs/baselines/prototype-library-derivation-boxing-side-aware-fixture-derived-v1/captures/straight_right_fixture/report.md
